Microchip MPLAB XC8 Compiler V3.10

Linker command line:

-W-3 \
  --edf=C:\Program Files\Microchip\xc8\v3.10\pic\dat\20250813170317_en.msgs \
  -cn -h+dist/default/production\CAR_BLACK_BOX.X.production.sym \
  --cmf=dist/default/production\CAR_BLACK_BOX.X.production.cmf -z -Q16F877A \
  -oC:\Users\Admin\AppData\Local\Temp\xcAsc98.0\driver_tmp_3.o \
  --defsym=__MPLAB_BUILD=1 --fixupoverflow=error \
  -Mdist/default/production/CAR_BLACK_BOX.X.production.map \
  --md=C:\Users\Admin\AppData\Local\Temp\xcAsc98.0\driver_tmp_0.dat -E1 \
  -ver=XC8 Compiler -ACODE=00h-07FFhx4 -ASTRCODE=00h-01FFFh \
  -ASTRING=00h-0FFhx32 -ACONST=00h-0FFhx32 -AENTRY=00h-0FFhx32 \
  -ACOMMON=070h-07Fh -ABANK0=020h-06Fh -ABANK1=0A0h-0EFh \
  -ABANK2=0110h-016Fh -ABANK3=0190h-01EFh \
  -ARAM=020h-06Fh,0A0h-0EFh,0110h-016Fh,0190h-01EFh \
  -AABS1=020h-07Fh,0A0h-0EFh,0110h-016Fh,0190h-01EFh -ASFR0=00h-01Fh \
  -ASFR1=080h-09Fh -ASFR2=0100h-010Fh -ASFR3=0180h-018Fh \
  -ACONFIG=02007h-02007h -DCONFIG=2 -AIDLOC=02000h-02003h -DIDLOC=2 \
  -AEEDATA=00h-0FFh/02100h -peeprom_data=EEDATA -DEEDATA=2 -DCODE=2 \
  -DSTRCODE=2 -DSTRING=2 -DCONST=2 -DENTRY=2 \
  -preset_vec=00h,intentry,sivt,init,end_init -ppowerup=CODE -pcinit=CODE \
  -pfunctab=ENTRY -k \
  C:\Users\Admin\AppData\Local\Temp\xcAsc98.0\driver_tmp_12.o \
  dist/default/production\CAR_BLACK_BOX.X.production.o 

Object code version is 3.11

Machine type is 16F877A



                Name                               Link     Load   Length Selector   Space Scale
C:\Users\Admin\AppData\Local\Temp\xcAsc98.0\driver_tmp_12.o
                end_init                              0        0        3        0       0
                config                             2007     2007        1        0       4
                idloc                              2000     2000        4        0       5
dist/default/production\CAR_BLACK_BOX.X.production.o
                cinit                               7D1      7D1       2F      FA2       0
                config                             2007     2007        1        0       4
                idloc                              2000     2000        4        0       5
                text47                             136D     136D       36     26DA       0
                text46                             12AB     12AB       2F     2556       0
                text45                             10F6     10F6       11     21EC       0
                text44                             130A     130A       31     2614       0
                text43                              9D2      9D2       2A     13A4       0
                text42                              E4A      E4A      1B6     1C94       0
                text41                             11BD     11BD       24     237A       0
                text40                               C1       C1      1CA      182       0
                text39                             1627     1627       76     2C4E       0
                text38                             1412     1412       42     2824       0
                text37                             13DA     13DA       38     27B4       0
                text36                                B        B       B6       16       0
                text35                             1454     1454       52     28A8       0
                text34                             10D9     10D9        D     21B2       0
                text33                             119C     119C       21     2338       0
                text32                             109C     109C        9     2138       0
                text31                             10A5     10A5        9     214A       0
                text30                             10B8     10B8        B     2170       0
                text29                             10C3     10C3        B     2186       0
                text28                             1255     1255       2B     24AA       0
                text27                             117C     117C       20     22F8       0
                text26                             115D     115D       1F     22BA       0
                text25                             12DA     12DA       30     25B4       0
                text24                              9FC      9FC       AD     13F8       0
                text23                              AA9      AA9      11A     1552       0
                text22                             1280     1280       2B     2500       0
                text21                             10AE     10AE        A     215C       0
                text20                             1206     1206       26     240C       0
                text19                              BC3      BC3      121     1786       0
                text18                             1095     1095        7     212A       0
                text17                             14FD     14FD       63     29FA       0
                text16                             10CE     10CE        B     219C       0
                text15                             108F     108F        6     211E       0
                text14                             113F     113F       1E     227E       0
                text13                             1107     1107       12     220E       0
                text12                             15C3     15C3       64     2B86       0
                text11                             133B     133B       32     2676       0
                text10                             10E6     10E6       10     21CC       0
                text9                              122C     122C       29     2458       0
                text8                               CE4      CE4      166     19C8       0
                text7                              1727     1727       D9     2E4E       0
                text6                              1560     1560       63     2AC0       0
                text5                              14A6     14A6       57     294C       0
                text4                              1119     1119       13     2232       0
                text3                               4D2      4D2      2FF      9A4       0
                text2                              11E1     11E1       25     23C2       0
                text1                               28B      28B      247      516       0
                maintext                           169D     169D       8A     2D3A       0
                cstackBANK0                          20       20       31       20       1
                cstackCOMMON                         70       70        E       70       1
                clrtext                               3        3        8        0       0
                inittext                           112C     112C       13     2258       0
                dataBANK1                            A0       A0       37       A0       1
                bssBANK1                             D7       D7        9       A0       1
                dataBANK0                            6B       6B        3       20       1
                bssBANK0                             51       51       1A       20       1
                stringtext                          800      800      1D2       10       0
                strings                            1000     1000       12     2000       0
                idataBANK1                         13A3     13A3       37     2746       0
                idataBANK0                         108C     108C        3     2118       0

TOTAL           Name                               Link     Load   Length     Space
        CLASS   CODE           
                end_init                              0        0        3         0
                cinit                               7D1      7D1       2F         0
                text47                             136D     136D       36         0
                text46                             12AB     12AB       2F         0
                text45                             10F6     10F6       11         0
                text44                             130A     130A       31         0
                text43                              9D2      9D2       2A         0
                text42                              E4A      E4A      1B6         0
                text41                             11BD     11BD       24         0
                text40                               C1       C1      1CA         0
                text39                             1627     1627       76         0
                text38                             1412     1412       42         0
                text37                             13DA     13DA       38         0
                text36                                B        B       B6         0
                text35                             1454     1454       52         0
                text34                             10D9     10D9        D         0
                text33                             119C     119C       21         0
                text32                             109C     109C        9         0
                text31                             10A5     10A5        9         0
                text30                             10B8     10B8        B         0
                text29                             10C3     10C3        B         0
                text28                             1255     1255       2B         0
                text27                             117C     117C       20         0
                text26                             115D     115D       1F         0
                text25                             12DA     12DA       30         0
                text24                              9FC      9FC       AD         0
                text23                              AA9      AA9      11A         0
                text22                             1280     1280       2B         0
                text21                             10AE     10AE        A         0
                text20                             1206     1206       26         0
                text19                              BC3      BC3      121         0
                text18                             1095     1095        7         0
                text17                             14FD     14FD       63         0
                text16                             10CE     10CE        B         0
                text15                             108F     108F        6         0
                text14                             113F     113F       1E         0
                text13                             1107     1107       12         0
                text12                             15C3     15C3       64         0
                text11                             133B     133B       32         0
                text10                             10E6     10E6       10         0
                text9                              122C     122C       29         0
                text8                               CE4      CE4      166         0
                text7                              1727     1727       D9         0
                text6                              1560     1560       63         0
                text5                              14A6     14A6       57         0
                text4                              1119     1119       13         0
                text3                               4D2      4D2      2FF         0
                text2                              11E1     11E1       25         0
                text1                               28B      28B      247         0
                maintext                           169D     169D       8A         0
                clrtext                               3        3        8         0
                inittext                           112C     112C       13         0
                idataBANK1                         13A3     13A3       37         0
                idataBANK0                         108C     108C        3         0

        CLASS   STRCODE        
                stringtext                          800      800      1D2         0

        CLASS   STRING         
                strings                            1000     1000       12         0

        CLASS   CONST          

        CLASS   ENTRY          

        CLASS   COMMON         
                cstackCOMMON                         70       70        E         1

        CLASS   BANK0          
                cstackBANK0                          20       20       31         1
                dataBANK0                            6B       6B        3         1
                bssBANK0                             51       51       1A         1

        CLASS   BANK1          
                dataBANK1                            A0       A0       37         1
                bssBANK1                             D7       D7        9         1

        CLASS   BANK2          

        CLASS   BANK3          

        CLASS   RAM            

        CLASS   ABS1           
                abs_s1                               7E       7E        2         1

        CLASS   SFR0           

        CLASS   SFR1           

        CLASS   SFR2           

        CLASS   SFR3           

        CLASS   CONFIG         
                config                             2007     2007        1         4

        CLASS   IDLOC          
                idloc                              2000     2000        4         5

        CLASS   EEDATA         

        CLASS   HEAP           

        CLASS   STACK          



SEGMENTS        Name                           Load    Length   Top    Selector   Space  Class     Delta

                reset_vec                      000000  00000B  00000B         0       0  CODE        2
                text36                         00000B  0000B6  0000C1        16       0  CODE        2
                cstackBANK0                    000020  00004E  00006E        20       1  BANK0       1
                cstackCOMMON                   000070  00000E  00007E        70       1  COMMON      1
                dataBANK1                      0000A0  000040  0000E0        A0       1  BANK1       1
                text40                         0000C1  0001CA  00028B       182       0  CODE        2
                text1                          00028B  000247  0004D2       516       0  CODE        2
                text3                          0004D2  0002FF  0007D1       9A4       0  CODE        2
                cinit                          0007D1  00002F  000800       FA2       0  CODE        2
                stringtext                     000800  0001D2  0009D2        10       0  STRCODE     2
                text43                         0009D2  00002A  0009FC      13A4       0  CODE        2
                text24                         0009FC  0000AD  000AA9      13F8       0  CODE        2
                text23                         000AA9  00011A  000BC3      1552       0  CODE        2
                text19                         000BC3  000121  000CE4      1786       0  CODE        2
                text8                          000CE4  000166  000E4A      19C8       0  CODE        2
                text42                         000E4A  0001B6  001000      1C94       0  CODE        2
                strings                        001000  000012  001012      2000       0  STRING      2
                idataBANK0                     00108C  000003  00108F      2118       0  CODE        2
                text15                         00108F  000006  001095      211E       0  CODE        2
                text18                         001095  000007  00109C      212A       0  CODE        2
                text32                         00109C  000009  0010A5      2138       0  CODE        2
                text31                         0010A5  000009  0010AE      214A       0  CODE        2
                text21                         0010AE  00000A  0010B8      215C       0  CODE        2
                text30                         0010B8  00000B  0010C3      2170       0  CODE        2
                text29                         0010C3  00000B  0010CE      2186       0  CODE        2
                text16                         0010CE  00000B  0010D9      219C       0  CODE        2
                text34                         0010D9  00000D  0010E6      21B2       0  CODE        2
                text10                         0010E6  000010  0010F6      21CC       0  CODE        2
                text45                         0010F6  000011  001107      21EC       0  CODE        2
                text13                         001107  000012  001119      220E       0  CODE        2
                text4                          001119  000013  00112C      2232       0  CODE        2
                inittext                       00112C  000013  00113F      2258       0  CODE        2
                text14                         00113F  00001E  00115D      227E       0  CODE        2
                text26                         00115D  00001F  00117C      22BA       0  CODE        2
                text27                         00117C  000020  00119C      22F8       0  CODE        2
                text33                         00119C  000021  0011BD      2338       0  CODE        2
                text41                         0011BD  000024  0011E1      237A       0  CODE        2
                text2                          0011E1  000025  001206      23C2       0  CODE        2
                text20                         001206  000026  00122C      240C       0  CODE        2
                text9                          00122C  000029  001255      2458       0  CODE        2
                text28                         001255  00002B  001280      24AA       0  CODE        2
                text22                         001280  00002B  0012AB      2500       0  CODE        2
                text46                         0012AB  00002F  0012DA      2556       0  CODE        2
                text25                         0012DA  000030  00130A      25B4       0  CODE        2
                text44                         00130A  000031  00133B      2614       0  CODE        2
                text11                         00133B  000032  00136D      2676       0  CODE        2
                text47                         00136D  000036  0013A3      26DA       0  CODE        2
                idataBANK1                     0013A3  000037  0013DA      2746       0  CODE        2
                text37                         0013DA  000038  001412      27B4       0  CODE        2
                text38                         001412  000042  001454      2824       0  CODE        2
                text35                         001454  000052  0014A6      28A8       0  CODE        2
                text5                          0014A6  000057  0014FD      294C       0  CODE        2
                text17                         0014FD  000063  001560      29FA       0  CODE        2
                text6                          001560  000063  0015C3      2AC0       0  CODE        2
                text12                         0015C3  000064  001627      2B86       0  CODE        2
                text39                         001627  000076  00169D      2C4E       0  CODE        2
                maintext                       00169D  00008A  001727      2D3A       0  CODE        2
                text7                          001727  0000D9  001800      2E4E       0  CODE        2


UNUSED ADDRESS RANGES

        Name                Unused          Largest block    Delta
        BANK0            006E-006F              2           1
        BANK1            00E0-00EF             10           1
        BANK2            0110-016F             60           1
        BANK3            0190-01EF             60           1
        CODE             1012-108B             7A           2
                         1800-1FFF            800
        CONST            1012-108B             7A           2
                         1800-1FFF            100
        EEDATA           2100-21FF            100           2
        ENTRY            1012-108B             7A           2
                         1800-1FFF            100
        RAM              006E-006F              2           1
                         00E0-00EF             10
                         0110-016F             60
                         0190-01EF             60
        SFR0             0000-001F             20           1
        SFR1             0080-009F             20           1
        SFR2             0100-010F             10           1
        SFR3             0180-018F             10           1
        STRCODE          1012-108B             7A           2
                         1800-1FFF            800
        STRING           1012-108B             7A           2
                         1800-1FFF            100

                                  Symbol Table

?___awdiv                        cstackCOMMON 0070
?___awmod                        cstackCOMMON 0070
?___fldiv                        cstackBANK0  0026
?___fltol                        cstackBANK0  0040
?___lldiv                        cstackCOMMON 0070
?___lwdiv                        cstackCOMMON 0070
?___lwmod                        cstackCOMMON 0070
?___wmul                         cstackCOMMON 0070
?___xxtofl                       cstackCOMMON 0076
?_my_strcmp                      cstackCOMMON 0070
?_read_adc                       cstackCOMMON 0070
_ACKDT                           (abs)        048D
_ACKEN                           (abs)        048C
_ACKSTAT                         (abs)        048E
_ADCON0                          (abs)        001F
_ADFM                            (abs)        04FF
_ADON                            (abs)        00F8
_ADRESH                          (abs)        001E
_ADRESL                          (abs)        009E
_BRGH                            (abs)        04C2
_GO                              (abs)        00FA
_PEN                             (abs)        048A
_PORTB                           (abs)        0006
_PORTD                           (abs)        0008
_RCEN                            (abs)        048B
_RE1                             (abs)        0049
_RE2                             (abs)        004A
_R_nW                            (abs)        04A2
_SEN                             (abs)        0488
_SPBRG                           (abs)        0099
_SPEN                            (abs)        00C7
_SSPADD                          (abs)        0093
_SSPBUF                          (abs)        0013
_SSPCON2                         (abs)        0091
_SSPEN                           (abs)        00A5
_SSPM3                           (abs)        00A3
_SYNC                            (abs)        04C4
_TRISB                           (abs)        0086
_TRISC6                          (abs)        043E
_TRISC7                          (abs)        043F
_TRISD                           (abs)        0088
_TRISE1                          (abs)        0449
_TRISE2                          (abs)        044A
_TX9                             (abs)        04C6
_TXEN                            (abs)        04C5
_TXIF                            (abs)        0064
_TXREG                           (abs)        0019
__H__absolute__                  __absolute__ 0000
__Habs1                          abs1         0000
__Hbank0                         bank0        0000
__Hbank1                         bank1        0000
__Hbank2                         bank2        0000
__Hbank3                         bank3        0000
__HbssBANK0                      bssBANK0     0000
__HbssBANK1                      bssBANK1     0000
__Hcinit                         cinit        0800
__Hclrtext                       clrtext      0000
__Hcode                          code         0000
__Hcommon                        common       0000
__Hconfig                        config       2008
__HcstackBANK0                   cstackBANK0  0000
__HcstackCOMMON                  cstackCOMMON 0000
__HdataBANK0                     dataBANK0    0000
__HdataBANK1                     dataBANK1    0000
__Heeprom_data                   eeprom_data  0000
__Hend_init                      end_init     0003
__Hfunctab                       functab      0000
__Hheap                          heap         0000
__HidataBANK0                    idataBANK0   0000
__HidataBANK1                    idataBANK1   0000
__Hidloc                         idloc        2004
__Hinit                          init         0000
__Hinittext                      inittext     0000
__Hintentry                      intentry     0000
__Hmaintext                      maintext     0000
__Hpowerup                       powerup      0000
__Hram                           ram          0000
__Hreset_vec                     reset_vec    0000
__Hsfr0                          sfr0         0000
__Hsfr1                          sfr1         0000
__Hsfr2                          sfr2         0000
__Hsfr3                          sfr3         0000
__Hsivt                          sivt         0000
__Hspace_0                       (abs)        1800
__Hspace_1                       (abs)        00E0
__Hspace_2                       (abs)        0000
__Hspace_3                       (abs)        0000
__Hspace_4                       (abs)        400F
__Hstack                         stack        0000
__Hstrings                       strings      0000
__Hstringtext                    stringtext   0000
__Htext                          text         0000
__L__absolute__                  __absolute__ 0000
__Labs1                          abs1         0000
__Lbank0                         bank0        0000
__Lbank1                         bank1        0000
__Lbank2                         bank2        0000
__Lbank3                         bank3        0000
__LbssBANK0                      bssBANK0     0000
__LbssBANK1                      bssBANK1     0000
__Lcinit                         cinit        07D1
__Lclrtext                       clrtext      0000
__Lcode                          code         0000
__Lcommon                        common       0000
__Lconfig                        config       0000
__LcstackBANK0                   cstackBANK0  0000
__LcstackCOMMON                  cstackCOMMON 0000
__LdataBANK0                     dataBANK0    0000
__LdataBANK1                     dataBANK1    0000
__Leeprom_data                   eeprom_data  0000
__Lend_init                      end_init     0000
__Lfunctab                       functab      0000
__Lheap                          heap         0000
__LidataBANK0                    idataBANK0   0000
__LidataBANK1                    idataBANK1   0000
__Lidloc                         idloc        0000
__Linit                          init         0000
__Linittext                      inittext     0000
__Lintentry                      intentry     0000
__Lmaintext                      maintext     0000
__Lpowerup                       powerup      0000
__Lram                           ram          0000
__Lreset_vec                     reset_vec    0000
__Lsfr0                          sfr0         0000
__Lsfr1                          sfr1         0000
__Lsfr2                          sfr2         0000
__Lsfr3                          sfr3         0000
__Lsivt                          sivt         0000
__Lspace_0                       (abs)        0000
__Lspace_1                       (abs)        0000
__Lspace_2                       (abs)        0000
__Lspace_3                       (abs)        0000
__Lspace_4                       (abs)        0000
__Lstack                         stack        0000
__Lstrings                       strings      0000
__Lstringtext                    stringtext   0000
__Ltext                          text         0000
__S0                             (abs)        1800
__S1                             (abs)        00E0
__S3                             (abs)        0000
___awdiv                         text6        1560
___awdiv@counter                 cstackCOMMON 0074
___awdiv@dividend                cstackCOMMON 0072
___awdiv@divisor                 cstackCOMMON 0070
___awdiv@quotient                cstackCOMMON 0076
___awdiv@sign                    cstackCOMMON 0075
___awmod                         text5        14A6
___awmod@counter                 cstackCOMMON 0074
___awmod@dividend                cstackCOMMON 0072
___awmod@divisor                 cstackCOMMON 0070
___awmod@sign                    cstackCOMMON 0075
___bmul                          text4        1119
___bmul@multiplicand             cstackCOMMON 0070
___bmul@multiplier               cstackCOMMON 0072
___bmul@product                  cstackCOMMON 0071
___fldiv                         text40       00C1
___fldiv@a                       cstackBANK0  0026
___fldiv@aexp                    cstackBANK0  003F
___fldiv@b                       cstackBANK0  002A
___fldiv@bexp                    cstackBANK0  003E
___fldiv@grs                     cstackBANK0  003A
___fldiv@new_exp                 cstackBANK0  0038
___fldiv@rem                     cstackBANK0  0033
___fldiv@sign                    cstackBANK0  0037
___fltol                         text39       1627
___fltol@exp1                    cstackBANK0  0049
___fltol@f1                      cstackBANK0  0040
___fltol@sign1                   cstackBANK0  0048
___heap_hi                       (abs)        0000
___heap_lo                       (abs)        0000
___int_sp                        stack        0000
___int_stack_hi                  stack        0000
___int_stack_lo                  stack        0000
___latbits                       (abs)        0002
___lldiv                         text12       15C3
___lldiv@counter                 cstackCOMMON 007D
___lldiv@dividend                cstackCOMMON 0074
___lldiv@divisor                 cstackCOMMON 0070
___lldiv@quotient                cstackCOMMON 0079
___lwdiv                         text38       1412
___lwdiv@counter                 cstackCOMMON 0076
___lwdiv@dividend                cstackCOMMON 0072
___lwdiv@divisor                 cstackCOMMON 0070
___lwdiv@quotient                cstackCOMMON 0074
___lwmod                         text37       13DA
___lwmod@counter                 cstackCOMMON 0074
___lwmod@dividend                cstackCOMMON 0072
___lwmod@divisor                 cstackCOMMON 0070
___sp                            stack        0000
___stack_hi                      stack        0000
___stack_lo                      stack        0000
___stackhi                       (abs)        0000
___stacklo                       (abs)        0000
___wmul                          text2        11E1
___wmul@multiplicand             cstackCOMMON 0072
___wmul@multiplier               cstackCOMMON 0070
___wmul@product                  cstackCOMMON 0074
___xxtofl                        text36       000B
___xxtofl@arg                    cstackBANK0  0022
___xxtofl@exp                    cstackBANK0  0021
___xxtofl@sign                   cstackBANK0  0020
___xxtofl@val                    cstackCOMMON 0076
__end_of___awdiv                 text6        15C3
__end_of___awmod                 text5        14FD
__end_of___bmul                  text4        112C
__end_of___fldiv                 text40       028B
__end_of___fltol                 text39       169D
__end_of___lldiv                 text12       1627
__end_of___lwdiv                 text38       1454
__end_of___lwmod                 text37       1412
__end_of___wmul                  text2        1206
__end_of___xxtofl                text36       00C1
__end_of__initialization         cinit        07FC
__end_of__stringtab              strings      1012
__end_of_change_password         text42       1000
__end_of_clcd_print              text46       12DA
__end_of_clcd_putch              text45       1107
__end_of_clcd_write              text47       13A3
__end_of_clear_log               text41       11E1
__end_of_dashboard               text23       0BC3
__end_of_display_time            text35       14A6
__end_of_download_log            text19       0CE4
__end_of_get_time                text27       119C
__end_of_i2c_read                text33       11BD
__end_of_i2c_rep_start           text30       10C3
__end_of_i2c_start               text32       10A5
__end_of_i2c_stop                text31       10AE
__end_of_i2c_wait_for_idle       text34       10E6
__end_of_i2c_write               text29       10CE
__end_of_init_adc                text18       109C
__end_of_init_clcd               text16       10D9
__end_of_init_config             text9        1255
__end_of_init_digital_keypad     text15       1095
__end_of_init_display_controller text17       1560
__end_of_init_ds1307             text13       1119
__end_of_init_i2c                text11       136D
__end_of_init_uart               text10       10F6
__end_of_login_screen            text8        0E4A
__end_of_main                    maintext     1727
__end_of_menu_screen             text7        1800
__end_of_my_strcmp               text44       133B
__end_of_read_adc                text26       117C
__end_of_read_digital_keypad     text43       09FC
__end_of_read_ds1307             text28       1280
__end_of_read_external_eeprom    text22       12AB
__end_of_set_time                text3        07D1
__end_of_store_event             text24       0AA9
__end_of_uart_tx_char            text21       10B8
__end_of_uart_tx_string          text20       122C
__end_of_view_log                text1        04D2
__end_of_write_ds1307            text14       115D
__end_of_write_external_eeprom   text25       130A
__initialization                 cinit        07D1
__pbssBANK0                      bssBANK0     0051
__pbssBANK1                      bssBANK1     00D7
__pcstackBANK0                   cstackBANK0  0020
__pcstackCOMMON                  cstackCOMMON 0070
__pdataBANK0                     dataBANK0    006B
__pdataBANK1                     dataBANK1    00A0
__pidataBANK0                    idataBANK0   108C
__pidataBANK1                    idataBANK1   13A3
__pmaintext                      maintext     169D
__pstrings                       strings      1000
__pstringtext                    stringtext   0800
__ptext1                         text1        028B
__ptext10                        text10       10E6
__ptext11                        text11       133B
__ptext12                        text12       15C3
__ptext13                        text13       1107
__ptext14                        text14       113F
__ptext15                        text15       108F
__ptext16                        text16       10CE
__ptext17                        text17       14FD
__ptext18                        text18       1095
__ptext19                        text19       0BC3
__ptext2                         text2        11E1
__ptext20                        text20       1206
__ptext21                        text21       10AE
__ptext22                        text22       1280
__ptext23                        text23       0AA9
__ptext24                        text24       09FC
__ptext25                        text25       12DA
__ptext26                        text26       115D
__ptext27                        text27       117C
__ptext28                        text28       1255
__ptext29                        text29       10C3
__ptext3                         text3        04D2
__ptext30                        text30       10B8
__ptext31                        text31       10A5
__ptext32                        text32       109C
__ptext33                        text33       119C
__ptext34                        text34       10D9
__ptext35                        text35       1454
__ptext36                        text36       000B
__ptext37                        text37       13DA
__ptext38                        text38       1412
__ptext39                        text39       1627
__ptext4                         text4        1119
__ptext40                        text40       00C1
__ptext41                        text41       11BD
__ptext42                        text42       0E4A
__ptext43                        text43       09D2
__ptext44                        text44       130A
__ptext45                        text45       10F6
__ptext46                        text46       12AB
__ptext47                        text47       136D
__ptext5                         text5        14A6
__ptext6                         text6        1560
__ptext7                         text7        1727
__ptext8                         text8        0CE4
__ptext9                         text9        122C
__stringbase                     strings      1012
__stringtab                      strings      1000
_adc_val                         bssBANK0     0053
_address                         bssBANK0     0051
_attempt_s                       bssBANK0     0069
_attempts_left                   dataBANK0    006C
_change_password                 text42       0E4A
_change_password$376             cstackBANK0  0025
_clcd_print                      text46       12AB
_clcd_putch                      text45       10F6
_clcd_write                      text47       136D
_clear_log                       text41       11BD
_clock_reg                       bssBANK0     0066
_dashboard                       text23       0AA9
_display_time                    text35       1454
_download_log                    text19       0BC3
_event                           dataBANK1    00A0
_get_time                        text27       117C
_i2c_read                        text33       119C
_i2c_rep_start                   text30       10B8
_i2c_start                       text32       109C
_i2c_stop                        text31       10A5
_i2c_wait_for_idle               text34       10D9
_i2c_write                       text29       10C3
_init_adc                        text18       1095
_init_clcd                       text16       10CE
_init_config                     text9        122C
_init_digital_keypad             text15       108F
_init_display_controller         text17       14FD
_init_ds1307                     text13       1107
_init_i2c                        text11       133B
_init_uart                       text10       10E6
_lock_flag                       bssBANK0     005B
_lock_timer                      bssBANK0     0057
_login_delay                     bssBANK0     005C
_login_index                     bssBANK0     005D
_login_screen                    text8        0CE4
_main                            maintext     169D
_menu                            dataBANK1    00B0
_menu_option                     bssBANK0     005A
_menu_screen                     text7        1727
_my_strcmp                       text44       130A
_nDONE                           (abs)        00FA
_pass                            dataBANK1    00D2
_pos                             bssBANK0     0055
_prev_pos                        bssBANK0     0059
_read_adc                        text26       115D
_read_digital_keypad             text43       09D2
_read_ds1307                     text28       1255
_read_external_eeprom            text22       1280
_set_time                        text3        04D2
_speed                           bssBANK0     0063
_store_event                     text24       09FC
_time                            bssBANK1     00D7
_uart_tx_char                    text21       10AE
_uart_tx_string                  text20       1206
_user_pass                       bssBANK0     005E
_view_log                        text1        028B
_write_ds1307                    text14       113F
_write_external_eeprom           text25       12DA
btemp                            (abs)        007E
btemp0                           (abs)        007E
btemp1                           (abs)        007F
change_password@F1068            dataBANK1    00CD
change_password@F1070            dataBANK1    00C8
change_password@bit              cstackBANK0  0030
change_password@blink            cstackBANK0  002E
change_password@ch               cstackBANK0  002D
change_password@confirm_pwd      cstackBANK0  0020
change_password@cursor           cstackBANK0  0027
change_password@field            cstackBANK0  0033
change_password@i                cstackBANK0  0034
change_password@key              cstackBANK0  0032
change_password@main_pwd         cstackCOMMON 007A
change_password@new_pwd          cstackBANK0  0028
change_password@stage            cstackBANK0  0031
clcd_print@addr                  cstackCOMMON 0076
clcd_print@str                   cstackCOMMON 0074
clcd_putch@addr                  cstackCOMMON 0078
clcd_putch@data                  cstackCOMMON 0079
clcd_write@byte                  cstackCOMMON 0073
clcd_write@mode                  cstackCOMMON 0070
clear_ram0                       clrtext      0003
dashboard@key                    cstackBANK0  004E
display_time@clock_reg           cstackCOMMON 0077
download_log@eeprom_addr         cstackCOMMON 007C
download_log@i                   cstackCOMMON 007B
download_log@total_log           cstackCOMMON 007A
end_of_initialization            cinit        07FC
get_time@clock_reg               cstackCOMMON 0074
i2c_read@ack                     cstackCOMMON 0070
i2c_read@data                    cstackCOMMON 0071
i2c_write@data                   cstackCOMMON 0070
init_ds1307@dummy                cstackCOMMON 007A
init_fetch0                      inittext     112C
init_i2c@baud                    cstackBANK0  0020
init_ram0                        inittext     1130
intlevel0                        functab      0000
intlevel1                        functab      0000
intlevel2                        functab      0000
intlevel3                        functab      0000
intlevel4                        functab      0000
intlevel5                        functab      0000
login_screen@key                 cstackBANK0  0020
login_screen@oper                cstackCOMMON 007A
ltemp0a                          (abs)        0080
main@key                         cstackBANK0  004F
main@operation                   cstackBANK0  0050
menu_screen@index                cstackBANK0  0022
menu_screen@key                  cstackBANK0  0021
menu_screen@prev_start           cstackBANK0  0020
menu_screen@start                cstackBANK0  0023
my_strcmp@str1                   cstackCOMMON 0070
my_strcmp@str2                   cstackCOMMON 0071
read_adc@adc_reg_val             cstackCOMMON 0073
read_adc@channel                 cstackCOMMON 0075
read_digital_keypad@mode         cstackCOMMON 0071
read_digital_keypad@once         dataBANK0    006B
read_ds1307@addr                 cstackCOMMON 0072
read_ds1307@data                 cstackCOMMON 0073
read_external_eeprom@address     cstackCOMMON 0072
read_external_eeprom@data        cstackCOMMON 0073
reset_vec                        reset_vec    0000
set_time@blink                   cstackBANK0  002B
set_time@clock_reg               cstackBANK0  0027
set_time@field                   cstackBANK0  0030
set_time@hh                      cstackBANK0  002D
set_time@key                     cstackBANK0  002A
set_time@mm                      cstackBANK0  002E
set_time@ss                      cstackBANK0  002F
start                            init         0000
start_initialization             cinit        07D1
store_event@i                    cstackCOMMON 007C
ttemp0a                          (abs)        007F
uart_tx_char@byte                cstackCOMMON 0074
uart_tx_string@s                 cstackCOMMON 0075
view_log@eep_addr                cstackBANK0  0047
view_log@i                       cstackBANK0  0042
view_log@key                     cstackBANK0  0044
view_log@line1                   cstackBANK0  0020
view_log@line2                   cstackBANK0  0031
view_log@log_index               cstackBANK0  0046
view_log@total_log               cstackBANK0  0045
write_ds1307@addr                cstackCOMMON 0079
write_ds1307@data                cstackCOMMON 0078
write_external_eeprom@address    cstackCOMMON 0074
write_external_eeprom@data       cstackCOMMON 0071
write_external_eeprom@wait       cstackCOMMON 0072
wtemp0                           (abs)        007E
wtemp0a                          (abs)        007F


MODULE INFORMATION

Module		Function		Class		Link	Load	Size
password.c
		_change_password		CODE           	0E4A	0000	438

password.c estimated size: 438

download_log.c
		_download_log  		CODE           	0BC3	0000	289

download_log.c estimated size: 289

digital_keypad.c
		_init_digital_keypad		CODE           	108F	0000	6
		_read_digital_keypad		CODE           	09D2	0000	42

digital_keypad.c estimated size: 48

C:\Program Files\Microchip\xc8\v3.10\pic\sources\c99\common\lwmod.c
		___lwmod       		CODE           	13DA	0000	56

C:\Program Files\Microchip\xc8\v3.10\pic\sources\c99\common\lwmod.c estimated size: 56

C:\Program Files\Microchip\xc8\v3.10\pic\sources\c99\common\awmod.c
		___awmod       		CODE           	14A6	0000	87

C:\Program Files\Microchip\xc8\v3.10\pic\sources\c99\common\awmod.c estimated size: 87

uart.c
		_uart_tx_char  		CODE           	10AE	0000	10
		_uart_tx_string		CODE           	1206	0000	38
		_init_uart     		CODE           	10E6	0000	16

uart.c estimated size: 64

i2c.c
		_i2c_start     		CODE           	109C	0000	9
		_i2c_rep_start 		CODE           	10B8	0000	11
		_i2c_write     		CODE           	10C3	0000	11
		_i2c_stop      		CODE           	10A5	0000	9
		_i2c_read      		CODE           	119C	0000	33
		_init_i2c      		CODE           	133B	0000	50
		_i2c_wait_for_idle		CODE           	10D9	0000	13

i2c.c estimated size: 136

dashboard.c
		_my_strcmp     		CODE           	130A	0000	49
		_login_screen  		CODE           	0CE4	0000	358
		_dashboard     		CODE           	0AA9	0000	282
		_store_event   		CODE           	09FC	0000	173

dashboard.c estimated size: 862

ds1307.c
		_read_ds1307   		CODE           	1255	0000	43
		_write_ds1307  		CODE           	113F	0000	30
		_display_time  		CODE           	1454	0000	82
		_get_time      		CODE           	117C	0000	32
		_init_ds1307   		CODE           	1107	0000	18

ds1307.c estimated size: 205

C:\Program Files\Microchip\xc8\v3.10\pic\sources\c99\common\lwdiv.c
		___lwdiv       		CODE           	1412	0000	66

C:\Program Files\Microchip\xc8\v3.10\pic\sources\c99\common\lwdiv.c estimated size: 66

C:\Program Files\Microchip\xc8\v3.10\pic\sources\c99\common\awdiv.c
		___awdiv       		CODE           	1560	0000	99

C:\Program Files\Microchip\xc8\v3.10\pic\sources\c99\common\awdiv.c estimated size: 99

adc.c
		_init_adc      		CODE           	1095	0000	7
		_read_adc      		CODE           	115D	0000	31

adc.c estimated size: 38

C:\Program Files\Microchip\xc8\v3.10\pic\sources\c99\common\fltol.c
		___fltol       		CODE           	1627	0000	118

C:\Program Files\Microchip\xc8\v3.10\pic\sources\c99\common\fltol.c estimated size: 118

C:\Program Files\Microchip\xc8\v3.10\pic\sources\c99\common\Umul8.c
		___bmul        		CODE           	1119	0000	19

C:\Program Files\Microchip\xc8\v3.10\pic\sources\c99\common\Umul8.c estimated size: 19

C:\Program Files\Microchip\xc8\v3.10\pic\sources\c99\common\xxtofl.c
		___xxtofl      		CODE           	000B	0000	182

C:\Program Files\Microchip\xc8\v3.10\pic\sources\c99\common\xxtofl.c estimated size: 182

C:\Program Files\Microchip\xc8\v3.10\pic\sources\c99\common\sprcdiv.c
		___fldiv       		CODE           	00C1	0000	458

C:\Program Files\Microchip\xc8\v3.10\pic\sources\c99\common\sprcdiv.c estimated size: 458

external_eeprom.c
		_write_external_eeprom		CODE           	12DA	0000	48
		_read_external_eeprom		CODE           	1280	0000	43

external_eeprom.c estimated size: 91

shared
		__stringtab    		STRING         	1000	0000	18
		__initialization		CODE           	07D1	0000	43

shared estimated size: 61

clcd.c
		_clcd_write    		CODE           	136D	0000	54
		_clcd_print    		CODE           	12AB	0000	47
		_clcd_putch    		CODE           	10F6	0000	17
		_init_display_controller		CODE           	14FD	0000	99
		_init_clcd     		CODE           	10CE	0000	11

clcd.c estimated size: 228

menu.c
		_menu_screen   		CODE           	1727	0000	217

menu.c estimated size: 217

set_time.c
		_set_time      		CODE           	04D2	0000	767

set_time.c estimated size: 767

C:\Program Files\Microchip\xc8\v3.10\pic\sources\c99\common\__lldiv.c
		___lldiv       		CODE           	15C3	0000	100

C:\Program Files\Microchip\xc8\v3.10\pic\sources\c99\common\__lldiv.c estimated size: 100

main.c
		_main          		CODE           	169D	0000	138
		_init_config   		CODE           	122C	0000	41

main.c estimated size: 179

view_log.c
		_view_log      		CODE           	028B	0000	583
		_clear_log     		CODE           	11BD	0000	36

view_log.c estimated size: 619

C:\Program Files\Microchip\xc8\v3.10\pic\sources\c99\common\Umul16.c
		___wmul        		CODE           	11E1	0000	37

C:\Program Files\Microchip\xc8\v3.10\pic\sources\c99\common\Umul16.c estimated size: 37

